Compiling 16 actual project C# files for recording-boundary presentation checks
PASS beacon prompt is actionable during an active unlocked run
PASS paused run hides disabled beacon interaction
PASS dead run hides disabled beacon interaction
PASS feedback and movement help share one unobstructive edge slot
PASS actual HUD refresh fits narrow edge columns and hides terminal feedback
PASS accepted contact produces one hit cue and repeated token produces none
PASS missed expired and wall-rejected contacts never emit hit feedback
PASS one burst contacting two targets emits one cue and two cached impacts
PASS a later kill upgrades one action once even when another target also dies
PASS kill confirmation survives hidden enemy and expires without allocation
PASS telegraph charge and active motif differ inside the fixed contact outline
PASS pause freezes impact state and resume lets the cached pulse expire
PASS death and retry clear cached feedback and stop stale sounds
PASS disabling encounter immediately clears warnings impacts strikes and audio
FAIL first refresh after disable cannot restore an old strike warning or impact: first refresh resurrected the interrupted player strike
FAIL a fresh target takes no old player contact after disable and resume without input: resumed physics dealt stale player damage without a fresh attack input
FAIL an interrupted enemy active window cannot hit after disable and resume: resumed physics applied an interrupted enemy hit
FAIL disable preserves resources rewards cooldowns immunity and simulation time: disable revived a defeated enemy or kept a player action
PASS disable keeps terminal movement locked and restores the prior pause time scale
PASS pause retains the player action and its warning until simulation resumes
FAIL all same-tick burst contacts resolve before lethal enemy index 0: same admitted burst skipped target 1 when lethal enemy occupied index 0
FAIL all same-tick burst contacts resolve before lethal enemy index 1: same admitted burst skipped target 2 when lethal enemy occupied index 1
PASS all same-tick burst contacts resolve before lethal enemy index 2
RESULT 17 passed, 6 failed; actual project C# with recording boundaries, not native Unity.
